Component: ARM Compiler 5.06 update 7 (build 960) Tool: armlink [4d3601]

==============================================================================

Section Cross References

    startup_stm32f10x_hd.o(RESET) refers to startup_stm32f10x_hd.o(STACK) for __initial_sp
    startup_stm32f10x_hd.o(RESET) refers to startup_stm32f10x_hd.o(.text) for Reset_Handler
    startup_stm32f10x_hd.o(RESET) refers to gpio.o(i.EXTI0_IRQHandler) for EXTI0_IRQHandler
    startup_stm32f10x_hd.o(RESET) refers to gpio.o(i.EXTI2_IRQHandler) for EXTI2_IRQHandler
    startup_stm32f10x_hd.o(RESET) refers to gpio.o(i.EXTI3_IRQHandler) for EXTI3_IRQHandler
    startup_stm32f10x_hd.o(RESET) refers to gpio.o(i.EXTI4_IRQHandler) for EXTI4_IRQHandler
    startup_stm32f10x_hd.o(RESET) refers to timer.o(i.TIM2_IRQHandler) for TIM2_IRQHandler
    startup_stm32f10x_hd.o(RESET) refers to timer.o(i.TIM3_IRQHandler) for TIM3_IRQHandler
    startup_stm32f10x_hd.o(RESET) refers to timer.o(i.TIM4_IRQHandler) for TIM4_IRQHandler
    startup_stm32f10x_hd.o(RESET) refers to usart.o(i.USART1_IRQHandler) for USART1_IRQHandler
    startup_stm32f10x_hd.o(RESET) refers to timer.o(i.TIM5_IRQHandler) for TIM5_IRQHandler
    startup_stm32f10x_hd.o(RESET) refers to timer.o(i.TIM6_IRQHandler) for TIM6_IRQHandler
    startup_stm32f10x_hd.o(RESET) refers to timer.o(i.TIM7_IRQHandler) for TIM7_IRQHandler
    startup_stm32f10x_hd.o(.text) refers to entry.o(.ARM.Collect$$$$00000000) for __main
    main.o(i.APP_TestThreadEntry) refers to printf1.o(i.__0printf$1) for __2printf
    main.o(i.APP_TestThreadEntry) refers to app_keystatemachine.o(.data) for g_keyMessageQueue
    main.o(i.main) refers to sys.o(i.Stm32_Clock_Init) for Stm32_Clock_Init
    main.o(i.main) refers to delay.o(i.delay_init) for delay_init
    main.o(i.main) refers to usart.o(i.uart_init) for uart_init
    main.o(i.main) refers to app_softtimer.o(i.SoftTimerInit) for SoftTimerInit
    main.o(i.main) refers to app_led.o(i.APP_RedLedBlinkInit) for APP_RedLedBlinkInit
    main.o(i.main) refers to app_keystatemachine.o(i.KeyStateMachineInit) for KeyStateMachineInit
    main.o(i.main) refers to app_keystatemachine.o(i.APP_KeyThreadEntry) for APP_KeyThreadEntry
    main.o(i.main) refers to main.o(i.APP_TestThreadEntry) for APP_TestThreadEntry
    app_key.o(i.KEY_Scan) refers to delay.o(i.delay_ms) for delay_ms
    app_key.o(i.KEY_Scan) refers to app_key.o(.data) for key_up
    app_key.o(i.Key0ExtiInit) refers to gpio.o(i.GPIO_ClockEnable) for GPIO_ClockEnable
    app_key.o(i.Key0ExtiInit) refers to gpio.o(i.GPIO_Config) for GPIO_Config
    app_key.o(i.Key0ExtiInit) refers to gpio.o(i.GPIO_ExtiConfig) for GPIO_ExtiConfig
    app_key.o(i.Key0ExtiInit) refers to sys.o(i.MY_NVIC_Init) for MY_NVIC_Init
    app_key.o(i.KeyExtiInit) refers to app_key.o(i.KeyInit) for KeyInit
    app_key.o(i.KeyExtiInit) refers to gpio.o(i.GPIO_ExtiConfig) for GPIO_ExtiConfig
    app_key.o(i.KeyExtiInit) refers to sys.o(i.MY_NVIC_Init) for MY_NVIC_Init
    app_key.o(i.KeyInit) refers to gpio.o(i.GPIO_ClockEnable) for GPIO_ClockEnable
    app_key.o(i.KeyInit) refers to gpio.o(i.GPIO_Config) for GPIO_Config
    app_key.o(i.KeyLevelRead) refers to gpio.o(i.GPIO_PinReadPin) for GPIO_PinReadPin
    app_softtimer.o(i.DDA_TimerCreate) refers to malloc.o(i.malloc) for malloc
    app_softtimer.o(i.DDA_TimerDestroy) refers to malloc.o(i.free) for free
    app_softtimer.o(i.DDA_TimerEnd) refers to app_softtimer.o(i.DDA_TimerDelete) for DDA_TimerDelete
    app_softtimer.o(i.DDA_TimerStart) refers to timer.o(i.GetTick) for GetTick
    app_softtimer.o(i.DDA_TimerStart) refers to app_softtimer.o(i.DDA_TimerInsert) for DDA_TimerInsert
    app_softtimer.o(i.DDA_TimerStart) refers to app_softtimer.o(.bss) for g_timerHead
    app_softtimer.o(i.SchedulCheck) refers to timer.o(i.GetTick) for GetTick
    app_softtimer.o(i.SchedulCheck) refers to app_softtimer.o(i.DDA_TimerEnd) for DDA_TimerEnd
    app_softtimer.o(i.SchedulCheck) refers to app_softtimer.o(i.DDA_TimerStart) for DDA_TimerStart
    app_softtimer.o(i.SchedulCheck) refers to app_softtimer.o(.bss) for g_timerHead
    app_softtimer.o(i.SoftTimerInit) refers to app_timer.o(i.Timer5Init) for Timer5Init
    app_softtimer.o(i.SoftTimerInit) refers to app_softtimer.o(i.SchedulCheck) for SchedulCheck
    app_softtimer.o(i.SoftTimerInit) refers to timer.o(.data) for g_callback
    app_softtimer.o(i.SoftTimerInit) refers to app_softtimer.o(.bss) for g_timerHead
    app_timer.o(i.Timer2Init) refers to timer.o(i.TimerConfig) for TimerConfig
    app_timer.o(i.Timer3Init) refers to timer.o(i.TimerConfig) for TimerConfig
    app_timer.o(i.Timer4Init) refers to timer.o(i.TimerConfig) for TimerConfig
    app_timer.o(i.Timer5Init) refers to timer.o(i.TimerConfig) for TimerConfig
    app_timer.o(i.Timer6Init) refers to timer.o(i.TimerConfig) for TimerConfig
    app_timer.o(i.Timer7Init) refers to timer.o(i.TimerConfig) for TimerConfig
    app_timer.o(i.TimerInit) refers to app_timer.o(i.Timer2Init) for Timer2Init
    app_timer.o(i.TimerInit) refers to app_timer.o(i.Timer3Init) for Timer3Init
    app_timer.o(i.TimerInit) refers to app_timer.o(i.Timer4Init) for Timer4Init
    app_timer.o(i.TimerInit) refers to app_timer.o(i.Timer5Init) for Timer5Init
    app_timer.o(i.TimerInit) refers to app_timer.o(i.Timer6Init) for Timer6Init
    app_timer.o(i.TimerInit) refers to app_timer.o(i.Timer7Init) for Timer7Init
    app_keystatemachine.o(i.APP_KeyThreadEntry) refers to timer.o(i.GetTick) for GetTick
    app_keystatemachine.o(i.APP_KeyThreadEntry) refers to app_keystatemachine.o(i.KeyStateMachine) for KeyStateMachine
    app_keystatemachine.o(i.APP_KeyThreadEntry) refers to gpio.o(.data) for g_keySemaphore
    app_keystatemachine.o(i.APP_KeyThreadEntry) refers to app_keystatemachine.o(.bss) for g_keyHandle
    app_keystatemachine.o(i.APP_KeyTimerCallback) refers to gpio.o(.data) for g_keySemaphore
    app_keystatemachine.o(i.KeyStateMachine) refers to app_key.o(i.KeyLevelRead) for KeyLevelRead
    app_keystatemachine.o(i.KeyStateMachine) refers to app_softtimer.o(i.DDA_TimerEnd) for DDA_TimerEnd
    app_keystatemachine.o(i.KeyStateMachine) refers to app_softtimer.o(i.DDA_TimerStart) for DDA_TimerStart
    app_keystatemachine.o(i.KeyStateMachine) refers to app_keystatemachine.o(.bss) for g_keyHandle
    app_keystatemachine.o(i.KeyStateMachine) refers to app_keystatemachine.o(.data) for g_keyMessageQueue
    app_keystatemachine.o(i.KeyStateMachineInit) refers to app_key.o(i.KeyExtiInit) for KeyExtiInit
    app_keystatemachine.o(i.KeyStateMachineInit) refers to app_softtimer.o(i.DDA_TimerCreate) for DDA_TimerCreate
    app_keystatemachine.o(i.KeyStateMachineInit) refers to app_keystatemachine.o(i.APP_KeyTimerCallback) for APP_KeyTimerCallback
    app_keystatemachine.o(i.KeyStateMachineInit) refers to app_keystatemachine.o(.bss) for g_keyHandle
    app_led.o(i.APP_LedTimerCallback) refers to gpio.o(i.GPIO_PinWritePin) for GPIO_PinWritePin
    app_led.o(i.APP_LedTimerCallback) refers to app_led.o(.data) for g_ledState
    app_led.o(i.APP_RedLedBlinkInit) refers to app_led.o(i.LedInit) for LedInit
    app_led.o(i.APP_RedLedBlinkInit) refers to app_softtimer.o(i.DDA_TimerCreate) for DDA_TimerCreate
    app_led.o(i.APP_RedLedBlinkInit) refers to app_softtimer.o(i.DDA_TimerStart) for DDA_TimerStart
    app_led.o(i.APP_RedLedBlinkInit) refers to app_led.o(i.APP_LedTimerCallback) for APP_LedTimerCallback
    app_led.o(i.APP_RedLedBlinkInit) refers to app_led.o(.data) for g_ledTimer
    app_led.o(i.LedInit) refers to gpio.o(i.GPIO_ClockEnable) for GPIO_ClockEnable
    app_led.o(i.LedInit) refers to gpio.o(i.GPIO_Config) for GPIO_Config
    timer.o(i.GetTick) refers to timer.o(.data) for g_tick
    timer.o(i.TIM2_IRQHandler) refers to timer.o(.data) for timer2num
    timer.o(i.TIM3_IRQHandler) refers to timer.o(.data) for timer3num
    timer.o(i.TIM4_IRQHandler) refers to timer.o(.data) for timer4num
    timer.o(i.TIM5_IRQHandler) refers to timer.o(.data) for g_tick
    timer.o(i.TIM6_IRQHandler) refers to timer.o(.data) for timer6num
    timer.o(i.TIM7_IRQHandler) refers to timer.o(.data) for timer7num
    timer.o(i.TimerConfig) refers to sys.o(i.MY_NVIC_Init) for MY_NVIC_Init
    gpio.o(i.EXTI0_IRQHandler) refers to delay.o(i.delay_ms) for delay_ms
    gpio.o(i.EXTI0_IRQHandler) refers to gpio.o(.data) for extiNum
    gpio.o(i.EXTI2_IRQHandler) refers to delay.o(i.delay_ms) for delay_ms
    gpio.o(i.EXTI2_IRQHandler) refers to gpio.o(.data) for extiNum
    gpio.o(i.EXTI3_IRQHandler) refers to delay.o(i.delay_ms) for delay_ms
    gpio.o(i.EXTI3_IRQHandler) refers to gpio.o(.data) for extiNum
    gpio.o(i.EXTI4_IRQHandler) refers to delay.o(i.delay_ms) for delay_ms
    gpio.o(i.EXTI4_IRQHandler) refers to gpio.o(i.GPIO_PinReadPin) for GPIO_PinReadPin
    gpio.o(i.EXTI4_IRQHandler) refers to gpio.o(.data) for key0ExtiFlag
    delay.o(i.delay_init) refers to delay.o(.data) for fac_us
    delay.o(i.delay_ms) refers to delay.o(.data) for fac_ms
    delay.o(i.delay_us) refers to delay.o(.data) for fac_us
    sys.o(i.MYRCC_DeInit) refers to sys.o(i.MY_NVIC_SetVectorTable) for MY_NVIC_SetVectorTable
    sys.o(i.MY_NVIC_Init) refers to sys.o(i.MY_NVIC_PriorityGroupConfig) for MY_NVIC_PriorityGroupConfig
    sys.o(i.Stm32_Clock_Init) refers to sys.o(i.MYRCC_DeInit) for MYRCC_DeInit
    sys.o(i.Sys_Standby) refers to sys.o(i.WFI_SET) for WFI_SET
    usart.o(i.USART1_IRQHandler) refers to usart.o(.data) for USART_RX_STA
    usart.o(i.USART1_IRQHandler) refers to usart.o(.bss) for USART_RX_BUF
    usart.o(i.uart_init) refers to ffltui.o(.text) for __aeabi_ui2f
    usart.o(i.uart_init) refers to fdiv.o(.text) for __aeabi_fdiv
    usart.o(i.uart_init) refers to ffixui.o(.text) for __aeabi_f2uiz
    usart.o(i.uart_init) refers to fadd.o(.text) for __aeabi_frsub
    usart.o(i.uart_init) refers to fmul.o(.text) for __aeabi_fmul
    usart.o(i.uart_init) refers to sys.o(i.MY_NVIC_Init) for MY_NVIC_Init
    entry.o(.ARM.Collect$$$$00000000) refers (Special) to entry10a.o(.ARM.Collect$$$$0000000F) for __rt_final_cpp
    entry.o(.ARM.Collect$$$$00000000) refers (Special) to entry11a.o(.ARM.Collect$$$$00000011) for __rt_final_exit
    entry.o(.ARM.Collect$$$$00000000) refers (Special) to entry12b.o(.ARM.Collect$$$$0000000E) for __rt_lib_shutdown_fini
    entry.o(.ARM.Collect$$$$00000000) refers (Special) to entry7b.o(.ARM.Collect$$$$00000008) for _main_clock
    entry.o(.ARM.Collect$$$$00000000) refers (Special) to entry8b.o(.ARM.Collect$$$$0000000A) for _main_cpp_init
    entry.o(.ARM.Collect$$$$00000000) refers (Special) to entry9a.o(.ARM.Collect$$$$0000000B) for _main_init
    entry.o(.ARM.Collect$$$$00000000) refers (Special) to entry5.o(.ARM.Collect$$$$00000004) for _main_scatterload
    entry.o(.ARM.Collect$$$$00000000) refers (Special) to entry2.o(.ARM.Collect$$$$00000001) for _main_stk
    printfb.o(i.__0fprintf$bare) refers to printfb.o(i._printf_core) for _printf_core
    printfb.o(i.__0fprintf$bare) refers to usart.o(i.fputc) for fputc
    printfb.o(i.__0printf$bare) refers to printfb.o(i._printf_core) for _printf_core
    printfb.o(i.__0printf$bare) refers to usart.o(i.fputc) for fputc
    printfb.o(i.__0printf$bare) refers to usart.o(.data) for __stdout
    printfb.o(i.__0snprintf$bare) refers to printfb.o(i._printf_core) for _printf_core
    printfb.o(i.__0snprintf$bare) refers to printfb.o(i._snputc) for _snputc
    printfb.o(i.__0sprintf$bare) refers to printfb.o(i._printf_core) for _printf_core
    printfb.o(i.__0sprintf$bare) refers to printfb.o(i._sputc) for _sputc
    printfb.o(i.__0vfprintf$bare) refers to printfb.o(i._printf_core) for _printf_core
    printfb.o(i.__0vfprintf$bare) refers to usart.o(i.fputc) for fputc
    printfb.o(i.__0vprintf$bare) refers to printfb.o(i._printf_core) for _printf_core
    printfb.o(i.__0vprintf$bare) refers to usart.o(i.fputc) for fputc
    printfb.o(i.__0vprintf$bare) refers to usart.o(.data) for __stdout
    printfb.o(i.__0vsnprintf$bare) refers to printfb.o(i._printf_core) for _printf_core
    printfb.o(i.__0vsnprintf$bare) refers to printfb.o(i._snputc) for _snputc
    printfb.o(i.__0vsprintf$bare) refers to printfb.o(i._printf_core) for _printf_core
    printfb.o(i.__0vsprintf$bare) refers to printfb.o(i._sputc) for _sputc
    printf0.o(i.__0fprintf$0) refers to printf0.o(i._printf_core) for _printf_core
    printf0.o(i.__0fprintf$0) refers to usart.o(i.fputc) for fputc
    printf0.o(i.__0printf$0) refers to printf0.o(i._printf_core) for _printf_core
    printf0.o(i.__0printf$0) refers to usart.o(i.fputc) for fputc
    printf0.o(i.__0printf$0) refers to usart.o(.data) for __stdout
    printf0.o(i.__0snprintf$0) refers to printf0.o(i._printf_core) for _printf_core
    printf0.o(i.__0snprintf$0) refers to printf0.o(i._snputc) for _snputc
    printf0.o(i.__0sprintf$0) refers to printf0.o(i._printf_core) for _printf_core
    printf0.o(i.__0sprintf$0) refers to printf0.o(i._sputc) for _sputc
    printf0.o(i.__0vfprintf$0) refers to printf0.o(i._printf_core) for _printf_core
    printf0.o(i.__0vfprintf$0) refers to usart.o(i.fputc) for fputc
    printf0.o(i.__0vprintf$0) refers to printf0.o(i._printf_core) for _printf_core
    printf0.o(i.__0vprintf$0) refers to usart.o(i.fputc) for fputc
    printf0.o(i.__0vprintf$0) refers to usart.o(.data) for __stdout
    printf0.o(i.__0vsnprintf$0) refers to printf0.o(i._printf_core) for _printf_core
    printf0.o(i.__0vsnprintf$0) refers to printf0.o(i._snputc) for _snputc
    printf0.o(i.__0vsprintf$0) refers to printf0.o(i._printf_core) for _printf_core
    printf0.o(i.__0vsprintf$0) refers to printf0.o(i._sputc) for _sputc
    printf1.o(i.__0fprintf$1) refers to printf1.o(i._printf_core) for _printf_core
    printf1.o(i.__0fprintf$1) refers to usart.o(i.fputc) for fputc
    printf1.o(i.__0printf$1) refers to printf1.o(i._printf_core) for _printf_core
    printf1.o(i.__0printf$1) refers to usart.o(i.fputc) for fputc
    printf1.o(i.__0printf$1) refers to usart.o(.data) for __stdout
    printf1.o(i.__0snprintf$1) refers to printf1.o(i._printf_core) for _printf_core
    printf1.o(i.__0snprintf$1) refers to printf1.o(i._snputc) for _snputc
    printf1.o(i.__0sprintf$1) refers to printf1.o(i._printf_core) for _printf_core
    printf1.o(i.__0sprintf$1) refers to printf1.o(i._sputc) for _sputc
    printf1.o(i.__0vfprintf$1) refers to printf1.o(i._printf_core) for _printf_core
    printf1.o(i.__0vfprintf$1) refers to usart.o(i.fputc) for fputc
    printf1.o(i.__0vprintf$1) refers to printf1.o(i._printf_core) for _printf_core
    printf1.o(i.__0vprintf$1) refers to usart.o(i.fputc) for fputc
    printf1.o(i.__0vprintf$1) refers to usart.o(.data) for __stdout
    printf1.o(i.__0vsnprintf$1) refers to printf1.o(i._printf_core) for _printf_core
    printf1.o(i.__0vsnprintf$1) refers to printf1.o(i._snputc) for _snputc
    printf1.o(i.__0vsprintf$1) refers to printf1.o(i._printf_core) for _printf_core
    printf1.o(i.__0vsprintf$1) refers to printf1.o(i._sputc) for _sputc
    printf1.o(i._printf_core) refers to uidiv.o(.text) for __aeabi_uidivmod
    printf2.o(i.__0fprintf$2) refers to printf2.o(i._printf_core) for _printf_core
    printf2.o(i.__0fprintf$2) refers to usart.o(i.fputc) for fputc
    printf2.o(i.__0printf$2) refers to printf2.o(i._printf_core) for _printf_core
    printf2.o(i.__0printf$2) refers to usart.o(i.fputc) for fputc
    printf2.o(i.__0printf$2) refers to usart.o(.data) for __stdout
    printf2.o(i.__0snprintf$2) refers to printf2.o(i._printf_core) for _printf_core
    printf2.o(i.__0snprintf$2) refers to printf2.o(i._snputc) for _snputc
    printf2.o(i.__0sprintf$2) refers to printf2.o(i._printf_core) for _printf_core
    printf2.o(i.__0sprintf$2) refers to printf2.o(i._sputc) for _sputc
    printf2.o(i.__0vfprintf$2) refers to printf2.o(i._printf_core) for _printf_core
    printf2.o(i.__0vfprintf$2) refers to usart.o(i.fputc) for fputc
    printf2.o(i.__0vprintf$2) refers to printf2.o(i._printf_core) for _printf_core
    printf2.o(i.__0vprintf$2) refers to usart.o(i.fputc) for fputc
    printf2.o(i.__0vprintf$2) refers to usart.o(.data) for __stdout
    printf2.o(i.__0vsnprintf$2) refers to printf2.o(i._printf_core) for _printf_core
    printf2.o(i.__0vsnprintf$2) refers to printf2.o(i._snputc) for _snputc
    printf2.o(i.__0vsprintf$2) refers to printf2.o(i._printf_core) for _printf_core
    printf2.o(i.__0vsprintf$2) refers to printf2.o(i._sputc) for _sputc
    printf3.o(i.__0fprintf$3) refers to printf3.o(i._printf_core) for _printf_core
    printf3.o(i.__0fprintf$3) refers to usart.o(i.fputc) for fputc
    printf3.o(i.__0printf$3) refers to printf3.o(i._printf_core) for _printf_core
    printf3.o(i.__0printf$3) refers to usart.o(i.fputc) for fputc
    printf3.o(i.__0printf$3) refers to usart.o(.data) for __stdout
    printf3.o(i.__0snprintf$3) refers to printf3.o(i._printf_core) for _printf_core
    printf3.o(i.__0snprintf$3) refers to printf3.o(i._snputc) for _snputc
    printf3.o(i.__0sprintf$3) refers to printf3.o(i._printf_core) for _printf_core
    printf3.o(i.__0sprintf$3) refers to printf3.o(i._sputc) for _sputc
    printf3.o(i.__0vfprintf$3) refers to printf3.o(i._printf_core) for _printf_core
    printf3.o(i.__0vfprintf$3) refers to usart.o(i.fputc) for fputc
    printf3.o(i.__0vprintf$3) refers to printf3.o(i._printf_core) for _printf_core
    printf3.o(i.__0vprintf$3) refers to usart.o(i.fputc) for fputc
    printf3.o(i.__0vprintf$3) refers to usart.o(.data) for __stdout
    printf3.o(i.__0vsnprintf$3) refers to printf3.o(i._printf_core) for _printf_core
    printf3.o(i.__0vsnprintf$3) refers to printf3.o(i._snputc) for _snputc
    printf3.o(i.__0vsprintf$3) refers to printf3.o(i._printf_core) for _printf_core
    printf3.o(i.__0vsprintf$3) refers to printf3.o(i._sputc) for _sputc
    printf3.o(i._printf_core) refers to uidiv.o(.text) for __aeabi_uidivmod
    printf4.o(i.__0fprintf$4) refers to printf4.o(i._printf_core) for _printf_core
    printf4.o(i.__0fprintf$4) refers to usart.o(i.fputc) for fputc
    printf4.o(i.__0printf$4) refers to printf4.o(i._printf_core) for _printf_core
    printf4.o(i.__0printf$4) refers to usart.o(i.fputc) for fputc
    printf4.o(i.__0printf$4) refers to usart.o(.data) for __stdout
    printf4.o(i.__0snprintf$4) refers to printf4.o(i._printf_core) for _printf_core
    printf4.o(i.__0snprintf$4) refers to printf4.o(i._snputc) for _snputc
    printf4.o(i.__0sprintf$4) refers to printf4.o(i._printf_core) for _printf_core
    printf4.o(i.__0sprintf$4) refers to printf4.o(i._sputc) for _sputc
    printf4.o(i.__0vfprintf$4) refers to printf4.o(i._printf_core) for _printf_core
    printf4.o(i.__0vfprintf$4) refers to usart.o(i.fputc) for fputc
    printf4.o(i.__0vprintf$4) refers to printf4.o(i._printf_core) for _printf_core
    printf4.o(i.__0vprintf$4) refers to usart.o(i.fputc) for fputc
    printf4.o(i.__0vprintf$4) refers to usart.o(.data) for __stdout
    printf4.o(i.__0vsnprintf$4) refers to printf4.o(i._printf_core) for _printf_core
    printf4.o(i.__0vsnprintf$4) refers to printf4.o(i._snputc) for _snputc
    printf4.o(i.__0vsprintf$4) refers to printf4.o(i._printf_core) for _printf_core
    printf4.o(i.__0vsprintf$4) refers to printf4.o(i._sputc) for _sputc
    printf4.o(i._printf_core) refers to uldiv.o(.text) for __aeabi_uldivmod
    printf5.o(i.__0fprintf$5) refers to printf5.o(i._printf_core) for _printf_core
    printf5.o(i.__0fprintf$5) refers to usart.o(i.fputc) for fputc
    printf5.o(i.__0printf$5) refers to printf5.o(i._printf_core) for _printf_core
    printf5.o(i.__0printf$5) refers to usart.o(i.fputc) for fputc
    printf5.o(i.__0printf$5) refers to usart.o(.data) for __stdout
    printf5.o(i.__0snprintf$5) refers to printf5.o(i._printf_core) for _printf_core
    printf5.o(i.__0snprintf$5) refers to printf5.o(i._snputc) for _snputc
    printf5.o(i.__0sprintf$5) refers to printf5.o(i._printf_core) for _printf_core
    printf5.o(i.__0sprintf$5) refers to printf5.o(i._sputc) for _sputc
    printf5.o(i.__0vfprintf$5) refers to printf5.o(i._printf_core) for _printf_core
    printf5.o(i.__0vfprintf$5) refers to usart.o(i.fputc) for fputc
    printf5.o(i.__0vprintf$5) refers to printf5.o(i._printf_core) for _printf_core
    printf5.o(i.__0vprintf$5) refers to usart.o(i.fputc) for fputc
    printf5.o(i.__0vprintf$5) refers to usart.o(.data) for __stdout
    printf5.o(i.__0vsnprintf$5) refers to printf5.o(i._printf_core) for _printf_core
    printf5.o(i.__0vsnprintf$5) refers to printf5.o(i._snputc) for _snputc
    printf5.o(i.__0vsprintf$5) refers to printf5.o(i._printf_core) for _printf_core
    printf5.o(i.__0vsprintf$5) refers to printf5.o(i._sputc) for _sputc
    printf5.o(i._printf_core) refers to uldiv.o(.text) for __aeabi_uldivmod
    printf6.o(i.__0fprintf$6) refers to printf6.o(i._printf_core) for _printf_core
    printf6.o(i.__0fprintf$6) refers to usart.o(i.fputc) for fputc
    printf6.o(i.__0printf$6) refers to printf6.o(i._printf_core) for _printf_core
    printf6.o(i.__0printf$6) refers to usart.o(i.fputc) for fputc
    printf6.o(i.__0printf$6) refers to usart.o(.data) for __stdout
    printf6.o(i.__0snprintf$6) refers to printf6.o(i._printf_core) for _printf_core
    printf6.o(i.__0snprintf$6) refers to printf6.o(i._snputc) for _snputc
    printf6.o(i.__0sprintf$6) refers to printf6.o(i._printf_core) for _printf_core
    printf6.o(i.__0sprintf$6) refers to printf6.o(i._sputc) for _sputc
    printf6.o(i.__0vfprintf$6) refers to printf6.o(i._printf_core) for _printf_core
    printf6.o(i.__0vfprintf$6) refers to usart.o(i.fputc) for fputc
    printf6.o(i.__0vprintf$6) refers to printf6.o(i._printf_core) for _printf_core
    printf6.o(i.__0vprintf$6) refers to usart.o(i.fputc) for fputc
    printf6.o(i.__0vprintf$6) refers to usart.o(.data) for __stdout
    printf6.o(i.__0vsnprintf$6) refers to printf6.o(i._printf_core) for _printf_core
    printf6.o(i.__0vsnprintf$6) refers to printf6.o(i._snputc) for _snputc
    printf6.o(i.__0vsprintf$6) refers to printf6.o(i._printf_core) for _printf_core
    printf6.o(i.__0vsprintf$6) refers to printf6.o(i._sputc) for _sputc
    printf6.o(i._printf_core) refers to printf6.o(i._printf_pre_padding) for _printf_pre_padding
    printf6.o(i._printf_core) refers to uidiv.o(.text) for __aeabi_uidivmod
    printf6.o(i._printf_core) refers to printf6.o(i._printf_post_padding) for _printf_post_padding
    printf7.o(i.__0fprintf$7) refers to printf7.o(i._printf_core) for _printf_core
    printf7.o(i.__0fprintf$7) refers to usart.o(i.fputc) for fputc
    printf7.o(i.__0printf$7) refers to printf7.o(i._printf_core) for _printf_core
    printf7.o(i.__0printf$7) refers to usart.o(i.fputc) for fputc
    printf7.o(i.__0printf$7) refers to usart.o(.data) for __stdout
    printf7.o(i.__0snprintf$7) refers to printf7.o(i._printf_core) for _printf_core
    printf7.o(i.__0snprintf$7) refers to printf7.o(i._snputc) for _snputc
    printf7.o(i.__0sprintf$7) refers to printf7.o(i._printf_core) for _printf_core
    printf7.o(i.__0sprintf$7) refers to printf7.o(i._sputc) for _sputc
    printf7.o(i.__0vfprintf$7) refers to printf7.o(i._printf_core) for _printf_core
    printf7.o(i.__0vfprintf$7) refers to usart.o(i.fputc) for fputc
    printf7.o(i.__0vprintf$7) refers to printf7.o(i._printf_core) for _printf_core
    printf7.o(i.__0vprintf$7) refers to usart.o(i.fputc) for fputc
    printf7.o(i.__0vprintf$7) refers to usart.o(.data) for __stdout
    printf7.o(i.__0vsnprintf$7) refers to printf7.o(i._printf_core) for _printf_core
    printf7.o(i.__0vsnprintf$7) refers to printf7.o(i._snputc) for _snputc
    printf7.o(i.__0vsprintf$7) refers to printf7.o(i._printf_core) for _printf_core
    printf7.o(i.__0vsprintf$7) refers to printf7.o(i._sputc) for _sputc
    printf7.o(i._printf_core) refers to printf7.o(i._printf_pre_padding) for _printf_pre_padding
    printf7.o(i._printf_core) refers to uldiv.o(.text) for __aeabi_uldivmod
    printf7.o(i._printf_core) refers to printf7.o(i._printf_post_padding) for _printf_post_padding
    printf8.o(i.__0fprintf$8) refers to printf8.o(i._printf_core) for _printf_core
    printf8.o(i.__0fprintf$8) refers to usart.o(i.fputc) for fputc
    printf8.o(i.__0printf$8) refers to printf8.o(i._printf_core) for _printf_core
    printf8.o(i.__0printf$8) refers to usart.o(i.fputc) for fputc
    printf8.o(i.__0printf$8) refers to usart.o(.data) for __stdout
    printf8.o(i.__0snprintf$8) refers to printf8.o(i._printf_core) for _printf_core
    printf8.o(i.__0snprintf$8) refers to printf8.o(i._snputc) for _snputc
    printf8.o(i.__0sprintf$8) refers to printf8.o(i._printf_core) for _printf_core
    printf8.o(i.__0sprintf$8) refers to printf8.o(i._sputc) for _sputc
    printf8.o(i.__0vfprintf$8) refers to printf8.o(i._printf_core) for _printf_core
    printf8.o(i.__0vfprintf$8) refers to usart.o(i.fputc) for fputc
    printf8.o(i.__0vprintf$8) refers to printf8.o(i._printf_core) for _printf_core
    printf8.o(i.__0vprintf$8) refers to usart.o(i.fputc) for fputc
    printf8.o(i.__0vprintf$8) refers to usart.o(.data) for __stdout
    printf8.o(i.__0vsnprintf$8) refers to printf8.o(i._printf_core) for _printf_core
    printf8.o(i.__0vsnprintf$8) refers to printf8.o(i._snputc) for _snputc
    printf8.o(i.__0vsprintf$8) refers to printf8.o(i._printf_core) for _printf_core
    printf8.o(i.__0vsprintf$8) refers to printf8.o(i._sputc) for _sputc
    printf8.o(i._printf_core) refers to printf8.o(i._printf_pre_padding) for _printf_pre_padding
    printf8.o(i._printf_core) refers to uldiv.o(.text) for __aeabi_uldivmod
    printf8.o(i._printf_core) refers to printf8.o(i._printf_post_padding) for _printf_post_padding
    printfa.o(i.__0fprintf) refers (Special) to iusefp.o(.text) for __I$use$fp
    printfa.o(i.__0fprintf) refers to printfa.o(i._printf_core) for _printf_core
    printfa.o(i.__0fprintf) refers to usart.o(i.fputc) for fputc
    printfa.o(i.__0printf) refers (Special) to iusefp.o(.text) for __I$use$fp
    printfa.o(i.__0printf) refers to printfa.o(i._printf_core) for _printf_core
    printfa.o(i.__0printf) refers to usart.o(i.fputc) for fputc
    printfa.o(i.__0printf) refers to usart.o(.data) for __stdout
    printfa.o(i.__0snprintf) refers (Special) to iusefp.o(.text) for __I$use$fp
    printfa.o(i.__0snprintf) refers to printfa.o(i._printf_core) for _printf_core
    printfa.o(i.__0snprintf) refers to printfa.o(i._snputc) for _snputc
    printfa.o(i.__0sprintf) refers (Special) to iusefp.o(.text) for __I$use$fp
    printfa.o(i.__0sprintf) refers to printfa.o(i._printf_core) for _printf_core
    printfa.o(i.__0sprintf) refers to printfa.o(i._sputc) for _sputc
    printfa.o(i.__0vfprintf) refers (Special) to iusefp.o(.text) for __I$use$fp
    printfa.o(i.__0vfprintf) refers to printfa.o(i._printf_core) for _printf_core
    printfa.o(i.__0vfprintf) refers to usart.o(i.fputc) for fputc
    printfa.o(i.__0vprintf) refers (Special) to iusefp.o(.text) for __I$use$fp
    printfa.o(i.__0vprintf) refers to printfa.o(i._printf_core) for _printf_core
    printfa.o(i.__0vprintf) refers to usart.o(i.fputc) for fputc
    printfa.o(i.__0vprintf) refers to usart.o(.data) for __stdout
    printfa.o(i.__0vsnprintf) refers (Special) to iusefp.o(.text) for __I$use$fp
    printfa.o(i.__0vsnprintf) refers to printfa.o(i._printf_core) for _printf_core
    printfa.o(i.__0vsnprintf) refers to printfa.o(i._snputc) for _snputc
    printfa.o(i.__0vsprintf) refers (Special) to iusefp.o(.text) for __I$use$fp
    printfa.o(i.__0vsprintf) refers to printfa.o(i._printf_core) for _printf_core
    printfa.o(i.__0vsprintf) refers to printfa.o(i._sputc) for _sputc
    printfa.o(i._fp_digits) refers (Special) to iusefp.o(.text) for __I$use$fp
    printfa.o(i._fp_digits) refers to dmul.o(.text) for __aeabi_dmul
    printfa.o(i._fp_digits) refers to ddiv.o(.text) for __aeabi_ddiv
    printfa.o(i._fp_digits) refers to cdrcmple.o(.text) for __aeabi_cdrcmple
    printfa.o(i._fp_digits) refers to dadd.o(.text) for __aeabi_dadd
    printfa.o(i._fp_digits) refers to dfixul.o(.text) for __aeabi_d2ulz
    printfa.o(i._fp_digits) refers to uldiv.o(.text) for __aeabi_uldivmod
    printfa.o(i._printf_core) refers (Special) to iusefp.o(.text) for __I$use$fp
    printfa.o(i._printf_core) refers to printfa.o(i._printf_pre_padding) for _printf_pre_padding
    printfa.o(i._printf_core) refers to uldiv.o(.text) for __aeabi_uldivmod
    printfa.o(i._printf_core) refers to printfa.o(i._printf_post_padding) for _printf_post_padding
    printfa.o(i._printf_core) refers to printfa.o(i._fp_digits) for _fp_digits
    printfa.o(i._printf_core) refers to uidiv.o(.text) for __aeabi_uidivmod
    printfa.o(i._printf_post_padding) refers (Special) to iusefp.o(.text) for __I$use$fp
    printfa.o(i._printf_pre_padding) refers (Special) to iusefp.o(.text) for __I$use$fp
    printfa.o(i._snputc) refers (Special) to iusefp.o(.text) for __I$use$fp
    printfa.o(i._sputc) refers (Special) to iusefp.o(.text) for __I$use$fp
    malloc.o(i.free) refers to mvars.o(.data) for __microlib_freelist
    malloc.o(i.malloc) refers to mvars.o(.data) for __microlib_freelist_initialised
    malloc.o(i.malloc) refers to mvars.o(.data) for __microlib_freelist
    malloc.o(i.malloc) refers to startup_stm32f10x_hd.o(HEAP) for __heap_base
    mallocr.o(i.__free$realloc) refers to mvars.o(.data) for __microlib_freelist
    mallocr.o(i.__malloc$realloc) refers to mallocr.o(i.internal_alloc) for internal_alloc
    mallocr.o(i.__malloc$realloc) refers to mvars.o(.data) for __microlib_freelist_initialised
    mallocr.o(i.__malloc$realloc) refers to startup_stm32f10x_hd.o(HEAP) for __heap_base
    mallocr.o(i.__malloc$realloc) refers to mvars.o(.data) for __microlib_freelist
    mallocr.o(i.internal_alloc) refers to memcpya.o(.text) for __aeabi_memcpy
    mallocr.o(i.internal_alloc) refers to mvars.o(.data) for __microlib_freelist
    mallocr.o(i.realloc) refers to mallocr.o(i.__free$realloc) for __free$realloc
    mallocr.o(i.realloc) refers to mallocr.o(i.internal_alloc) for internal_alloc
    mallocr.o(i.realloc) refers to mallocr.o(i.__malloc$realloc) for __malloc$realloc
    mallocr.o(i.realloc) refers to mvars.o(.data) for __microlib_freelist
    malloca.o(i.__aligned_malloc) refers to mvars.o(.data) for __microlib_freelist_initialised
    malloca.o(i.__aligned_malloc) refers to mvars.o(.data) for __microlib_freelist
    malloca.o(i.__aligned_malloc) refers to startup_stm32f10x_hd.o(HEAP) for __heap_base
    malloca.o(i.__free$memalign) refers to mvars.o(.data) for __microlib_freelist
    malloca.o(i.__malloc$memalign) refers to malloca.o(i.__aligned_malloc) for __aligned_malloc
    mallocra.o(i.__aligned_malloc$realloc) refers to mallocra.o(i.internal_alloc) for internal_alloc
    mallocra.o(i.__aligned_malloc$realloc) refers to mvars.o(.data) for __microlib_freelist_initialised
    mallocra.o(i.__aligned_malloc$realloc) refers to startup_stm32f10x_hd.o(HEAP) for __heap_base
    mallocra.o(i.__aligned_malloc$realloc) refers to mvars.o(.data) for __microlib_freelist
    mallocra.o(i.__free$realloc$memalign) refers to mvars.o(.data) for __microlib_freelist
    mallocra.o(i.__malloc$realloc$memalign) refers to mallocra.o(i.__aligned_malloc$realloc) for __aligned_malloc$realloc
    mallocra.o(i.__realloc$memalign) refers to mallocra.o(i.__free$realloc$memalign) for __free$realloc$memalign
    mallocra.o(i.__realloc$memalign) refers to mallocra.o(i.internal_alloc) for internal_alloc
    mallocra.o(i.__realloc$memalign) refers to mallocra.o(i.__malloc$realloc$memalign) for __malloc$realloc$memalign
    mallocra.o(i.__realloc$memalign) refers to mvars.o(.data) for __microlib_freelist
    mallocra.o(i.internal_alloc) refers to memcpya.o(.text) for __aeabi_memcpy
    mallocra.o(i.internal_alloc) refers to mvars.o(.data) for __microlib_freelist
    fadd.o(.text) refers (Special) to iusefp.o(.text) for __I$use$fp
    fadd.o(.text) refers to fepilogue.o(.text) for _float_epilogue
    fmul.o(.text) refers (Special) to iusefp.o(.text) for __I$use$fp
    fdiv.o(.text) refers (Special) to iusefp.o(.text) for __I$use$fp
    fdiv.o(.text) refers to fepilogue.o(.text) for _float_round
    ffltui.o(.text) refers (Special) to iusefp.o(.text) for __I$use$fp
    ffltui.o(.text) refers to fepilogue.o(.text) for _float_epilogue
    ffixui.o(.text) refers (Special) to iusefp.o(.text) for __I$use$fp
    entry2.o(.ARM.Collect$$$$00000001) refers to entry2.o(.ARM.Collect$$$$00002712) for __lit__00000000
    entry2.o(.ARM.Collect$$$$00002712) refers to startup_stm32f10x_hd.o(STACK) for __initial_sp
    entry2.o(__vectab_stack_and_reset_area) refers to startup_stm32f10x_hd.o(STACK) for __initial_sp
    entry2.o(__vectab_stack_and_reset_area) refers to entry.o(.ARM.Collect$$$$00000000) for __main
    entry5.o(.ARM.Collect$$$$00000004) refers to init.o(.text) for __scatterload
    entry9a.o(.ARM.Collect$$$$0000000B) refers to main.o(i.main) for main
    entry9b.o(.ARM.Collect$$$$0000000C) refers to main.o(i.main) for main
    uldiv.o(.text) refers to llushr.o(.text) for __aeabi_llsr
    uldiv.o(.text) refers to llshl.o(.text) for __aeabi_llsl
    dadd.o(.text) refers to llshl.o(.text) for __aeabi_llsl
    dadd.o(.text) refers to llsshr.o(.text) for __aeabi_lasr
    dadd.o(.text) refers to depilogue.o(.text) for _double_epilogue
    dmul.o(.text) refers to depilogue.o(.text) for _double_epilogue
    ddiv.o(.text) refers to depilogue.o(.text) for _double_round
    dfixul.o(.text) refers to llushr.o(.text) for __aeabi_llsr
    dfixul.o(.text) refers to llshl.o(.text) for __aeabi_llsl
    init.o(.text) refers to entry5.o(.ARM.Collect$$$$00000004) for __main_after_scatterload
    depilogue.o(.text) refers to llshl.o(.text) for __aeabi_llsl
    depilogue.o(.text) refers to llushr.o(.text) for __aeabi_llsr


==============================================================================

Removing Unused input sections from the image.

    Removing app_key.o(i.KEY_Scan), (164 bytes).
    Removing app_key.o(i.Key0ExtiInit), (118 bytes).
    Removing app_key.o(.data), (1 bytes).
    Removing app_softtimer.o(i.DDA_TimerDestroy), (14 bytes).
    Removing app_softtimer.o(.data), (1 bytes).
    Removing app_timer.o(i.Timer2Init), (44 bytes).
    Removing app_timer.o(i.Timer3Init), (42 bytes).
    Removing app_timer.o(i.Timer4Init), (40 bytes).
    Removing app_timer.o(i.Timer6Init), (42 bytes).
    Removing app_timer.o(i.Timer7Init), (42 bytes).
    Removing app_timer.o(i.TimerInit), (44 bytes).
    Removing gpio.o(i.GPIO_PinRead), (112 bytes).
    Removing delay.o(i.delay_us), (60 bytes).
    Removing sys.o(.emb_text), (6 bytes).
    Removing sys.o(i.Ex_NVIC_Config), (160 bytes).
    Removing sys.o(i.INTX_DISABLE), (4 bytes).
    Removing sys.o(i.INTX_ENABLE), (4 bytes).
    Removing sys.o(i.JTAG_Set), (48 bytes).
    Removing sys.o(i.Sys_Soft_Reset), (16 bytes).
    Removing sys.o(i.Sys_Standby), (76 bytes).
    Removing sys.o(i.WFI_SET), (4 bytes).
    Removing usart.o(i._sys_exit), (6 bytes).
    Removing dadd.o(.text), (334 bytes).
    Removing dmul.o(.text), (228 bytes).
    Removing ddiv.o(.text), (222 bytes).
    Removing dfixul.o(.text), (48 bytes).
    Removing cdrcmple.o(.text), (48 bytes).
    Removing depilogue.o(.text), (186 bytes).

28 unused section(s) (total 2114 bytes) removed from the image.

==============================================================================

Image Symbol Table

    Local Symbols

    Symbol Name                              Value     Ov Type        Size  Object(Section)

    ../clib/microlib/division.c              0x00000000   Number         0  uldiv.o ABSOLUTE
    ../clib/microlib/division.c              0x00000000   Number         0  uidiv.o ABSOLUTE
    ../clib/microlib/init/entry.s            0x00000000   Number         0  entry9b.o ABSOLUTE
    ../clib/microlib/init/entry.s            0x00000000   Number         0  entry7a.o ABSOLUTE
    ../clib/microlib/init/entry.s            0x00000000   Number         0  entry8a.o ABSOLUTE
    ../clib/microlib/init/entry.s            0x00000000   Number         0  entry8b.o ABSOLUTE
    ../clib/microlib/init/entry.s            0x00000000   Number         0  entry10a.o ABSOLUTE
    ../clib/microlib/init/entry.s            0x00000000   Number         0  entry10b.o ABSOLUTE
    ../clib/microlib/init/entry.s            0x00000000   Number         0  entry11a.o ABSOLUTE
    ../clib/microlib/init/entry.s            0x00000000   Number         0  entry2.o ABSOLUTE
    ../clib/microlib/init/entry.s            0x00000000   Number         0  entry12b.o ABSOLUTE
    ../clib/microlib/init/entry.s            0x00000000   Number         0  entry12a.o ABSOLUTE
    ../clib/microlib/init/entry.s            0x00000000   Number         0  entry11b.o ABSOLUTE
    ../clib/microlib/init/entry.s            0x00000000   Number         0  entry5.o ABSOLUTE
    ../clib/microlib/init/entry.s            0x00000000   Number         0  entry7b.o ABSOLUTE
    ../clib/microlib/init/entry.s            0x00000000   Number         0  entry9a.o ABSOLUTE
    ../clib/microlib/init/entry.s            0x00000000   Number         0  entry.o ABSOLUTE
    ../clib/microlib/longlong.c              0x00000000   Number         0  llushr.o ABSOLUTE
    ../clib/microlib/longlong.c              0x00000000   Number         0  llshl.o ABSOLUTE
    ../clib/microlib/longlong.c              0x00000000   Number         0  llsshr.o ABSOLUTE
    ../clib/microlib/malloc/malloc.c         0x00000000   Number         0  malloc.o ABSOLUTE
    ../clib/microlib/malloc/malloc.c         0x00000000   Number         0  mallocr.o ABSOLUTE
    ../clib/microlib/malloc/malloc.c         0x00000000   Number         0  malloca.o ABSOLUTE
    ../clib/microlib/malloc/malloc.c         0x00000000   Number         0  mallocra.o ABSOLUTE
    ../clib/microlib/malloc/mvars.c          0x00000000   Number         0  mvars.o ABSOLUTE
    ../clib/microlib/printf/printf.c         0x00000000   Number         0  printfb.o ABSOLUTE
    ../clib/microlib/printf/printf.c         0x00000000   Number         0  printf1.o ABSOLUTE
    ../clib/microlib/printf/printf.c         0x00000000   Number         0  printf2.o ABSOLUTE
    ../clib/microlib/printf/printf.c         0x00000000   Number         0  printf3.o ABSOLUTE
    ../clib/microlib/printf/printf.c         0x00000000   Number         0  printf4.o ABSOLUTE
    ../clib/microlib/printf/printf.c         0x00000000   Number         0  printf5.o ABSOLUTE
    ../clib/microlib/printf/printf.c         0x00000000   Number         0  printf8.o ABSOLUTE
    ../clib/microlib/printf/printf.c         0x00000000   Number         0  printf0.o ABSOLUTE
    ../clib/microlib/printf/printf.c         0x00000000   Number         0  printf7.o ABSOLUTE
    ../clib/microlib/printf/printf.c         0x00000000   Number         0  printf6.o ABSOLUTE
    ../clib/microlib/printf/printf.c         0x00000000   Number         0  printfa.o ABSOLUTE
    ../clib/microlib/printf/stubs.s          0x00000000   Number         0  stubs.o ABSOLUTE
    ../clib/microlib/string/memcpy.c         0x00000000   Number         0  memcpya.o ABSOLUTE
    ../clib/microlib/string/memcpy.c         0x00000000   Number         0  memcpyb.o ABSOLUTE
    ../clib/microlib/stubs.s                 0x00000000   Number         0  iusefp.o ABSOLUTE
    ../clib/microlib/stubs.s                 0x00000000   Number         0  useno.o ABSOLUTE
    ../fplib/microlib/fpadd.c                0x00000000   Number         0  dadd.o ABSOLUTE
    ../fplib/microlib/fpadd.c                0x00000000   Number         0  fadd.o ABSOLUTE
    ../fplib/microlib/fpdiv.c                0x00000000   Number         0  fdiv.o ABSOLUTE
    ../fplib/microlib/fpdiv.c                0x00000000   Number         0  ddiv.o ABSOLUTE
    ../fplib/microlib/fpepilogue.c           0x00000000   Number         0  depilogue.o ABSOLUTE
    ../fplib/microlib/fpepilogue.c           0x00000000   Number         0  fepilogue.o ABSOLUTE
    ../fplib/microlib/fpfix.c                0x00000000   Number         0  ffixui.o ABSOLUTE
    ../fplib/microlib/fpfix.c                0x00000000   Number         0  dfixul.o ABSOLUTE
    ../fplib/microlib/fpflt.c                0x00000000   Number         0  ffltui.o ABSOLUTE
    ../fplib/microlib/fpmul.c                0x00000000   Number         0  fmul.o ABSOLUTE
    ../fplib/microlib/fpmul.c                0x00000000   Number         0  dmul.o ABSOLUTE
    ..\SYSTEM\delay\delay.c                  0x00000000   Number         0  delay.o ABSOLUTE
    ..\SYSTEM\sys\sys.c                      0x00000000   Number         0  sys.o ABSOLUTE
    ..\SYSTEM\usart\usart.c                  0x00000000   Number         0  usart.o ABSOLUTE
    ..\\SYSTEM\\sys\\sys.c                   0x00000000   Number         0  sys.o ABSOLUTE
    ..\app\app_key.c                         0x00000000   Number         0  app_key.o ABSOLUTE
    ..\app\app_keyStateMachine.c             0x00000000   Number         0  app_keystatemachine.o ABSOLUTE
    ..\app\app_led.c                         0x00000000   Number         0  app_led.o ABSOLUTE
    ..\app\app_softTimer.c                   0x00000000   Number         0  app_softtimer.o ABSOLUTE
    ..\app\app_timer.c                       0x00000000   Number         0  app_timer.o ABSOLUTE
    ..\driver\gpio.c                         0x00000000   Number         0  gpio.o ABSOLUTE
    ..\driver\timer.c                        0x00000000   Number         0  timer.o ABSOLUTE
    ..\kernel\dda_kernel.c                   0x00000000   Number         0  dda_kernel.o ABSOLUTE
    cdrcmple.s                               0x00000000   Number         0  cdrcmple.o ABSOLUTE
    dc.s                                     0x00000000   Number         0  dc.o ABSOLUTE
    handlers.s                               0x00000000   Number         0  handlers.o ABSOLUTE
    init.s                                   0x00000000   Number         0  init.o ABSOLUTE
    main.c                                   0x00000000   Number         0  main.o ABSOLUTE
    startup_stm32f10x_hd.s                   0x00000000   Number         0  startup_stm32f10x_hd.o ABSOLUTE
    RESET                                    0x08000000   Section      304  startup_stm32f10x_hd.o(RESET)
    .ARM.Collect$$$$00000000                 0x08000130   Section        0  entry.o(.ARM.Collect$$$$00000000)
    .ARM.Collect$$$$00000001                 0x08000130   Section        4  entry2.o(.ARM.Collect$$$$00000001)
    .ARM.Collect$$$$00000004                 0x08000134   Section        4  entry5.o(.ARM.Collect$$$$00000004)
    .ARM.Collect$$$$00000008                 0x08000138   Section        0  entry7b.o(.ARM.Collect$$$$00000008)
    .ARM.Collect$$$$0000000A                 0x08000138   Section        0  entry8b.o(.ARM.Collect$$$$0000000A)
    .ARM.Collect$$$$0000000B                 0x08000138   Section        8  entry9a.o(.ARM.Collect$$$$0000000B)
    .ARM.Collect$$$$0000000E                 0x08000140   Section        4  entry12b.o(.ARM.Collect$$$$0000000E)
    .ARM.Collect$$$$0000000F                 0x08000144   Section        0  entry10a.o(.ARM.Collect$$$$0000000F)
    .ARM.Collect$$$$00000011                 0x08000144   Section        0  entry11a.o(.ARM.Collect$$$$00000011)
    .ARM.Collect$$$$00002712                 0x08000144   Section        4  entry2.o(.ARM.Collect$$$$00002712)
    __lit__00000000                          0x08000144   Data           4  entry2.o(.ARM.Collect$$$$00002712)
    .text                                    0x08000148   Section       28  startup_stm32f10x_hd.o(.text)
    .text                                    0x08000164   Section        0  fadd.o(.text)
    .text                                    0x08000214   Section        0  fmul.o(.text)
    .text                                    0x08000278   Section        0  fdiv.o(.text)
    .text                                    0x080002f4   Section        0  ffltui.o(.text)
    .text                                    0x080002fe   Section        0  ffixui.o(.text)
    .text                                    0x08000326   Section        0  uidiv.o(.text)
    .text                                    0x08000352   Section        0  fepilogue.o(.text)
    .text                                    0x08000352   Section        0  iusefp.o(.text)
    .text                                    0x080003c0   Section       36  init.o(.text)
    i.APP_KeyThreadEntry                     0x080003e4   Section        0  app_keystatemachine.o(i.APP_KeyThreadEntry)
    i.APP_KeyTimerCallback                   0x08000418   Section        0  app_keystatemachine.o(i.APP_KeyTimerCallback)
    i.APP_LedTimerCallback                   0x0800042c   Section        0  app_led.o(i.APP_LedTimerCallback)
    i.APP_RedLedBlinkInit                    0x0800045c   Section        0  app_led.o(i.APP_RedLedBlinkInit)
    i.APP_TestThreadEntry                    0x08000484   Section        0  main.o(i.APP_TestThreadEntry)
    i.DDA_TimerCreate                        0x08000584   Section        0  app_softtimer.o(i.DDA_TimerCreate)
    i.DDA_TimerDelete                        0x080005a6   Section        0  app_softtimer.o(i.DDA_TimerDelete)
    i.DDA_TimerEnd                           0x080005c0   Section        0  app_softtimer.o(i.DDA_TimerEnd)
    i.DDA_TimerInsert                        0x080005dc   Section        0  app_softtimer.o(i.DDA_TimerInsert)
    i.DDA_TimerStart                         0x0800062c   Section        0  app_softtimer.o(i.DDA_TimerStart)
    i.EXTI0_IRQHandler                       0x08000658   Section        0  gpio.o(i.EXTI0_IRQHandler)
    i.EXTI2_IRQHandler                       0x08000688   Section        0  gpio.o(i.EXTI2_IRQHandler)
    i.EXTI3_IRQHandler                       0x080006ac   Section        0  gpio.o(i.EXTI3_IRQHandler)
    i.EXTI4_IRQHandler                       0x080006d0   Section        0  gpio.o(i.EXTI4_IRQHandler)
    i.GPIO_ClockEnable                       0x080006fc   Section        0  gpio.o(i.GPIO_ClockEnable)
    i.GPIO_Config                            0x08000734   Section        0  gpio.o(i.GPIO_Config)
    i.GPIO_ExtiConfig                        0x08000c14   Section        0  gpio.o(i.GPIO_ExtiConfig)
    i.GPIO_PinReadPin                        0x08000d5c   Section        0  gpio.o(i.GPIO_PinReadPin)
    i.GPIO_PinWritePin                       0x08000dd8   Section        0  gpio.o(i.GPIO_PinWritePin)
    i.GetTick                                0x08000f04   Section        0  timer.o(i.GetTick)
    i.KeyExtiInit                            0x08000f10   Section        0  app_key.o(i.KeyExtiInit)
    i.KeyInit                                0x08000fb6   Section        0  app_key.o(i.KeyInit)
    i.KeyLevelRead                           0x0800103a   Section        0  app_key.o(i.KeyLevelRead)
    i.KeyStateMachine                        0x08001048   Section        0  app_keystatemachine.o(i.KeyStateMachine)
    i.KeyStateMachineInit                    0x0800115c   Section        0  app_keystatemachine.o(i.KeyStateMachineInit)
    i.LedInit                                0x0800117c   Section        0  app_led.o(i.LedInit)
    i.MYRCC_DeInit                           0x080011cc   Section        0  sys.o(i.MYRCC_DeInit)
    i.MY_NVIC_Init                           0x08001234   Section        0  sys.o(i.MY_NVIC_Init)
    i.MY_NVIC_PriorityGroupConfig            0x080012ac   Section        0  sys.o(i.MY_NVIC_PriorityGroupConfig)
    i.MY_NVIC_SetVectorTable                 0x080012d4   Section        0  sys.o(i.MY_NVIC_SetVectorTable)
    i.SchedulCheck                           0x080012e8   Section        0  app_softtimer.o(i.SchedulCheck)
    i.SoftTimerInit                          0x0800132c   Section        0  app_softtimer.o(i.SoftTimerInit)
    i.Stm32_Clock_Init                       0x08001350   Section        0  sys.o(i.Stm32_Clock_Init)
    i.TIM2_IRQHandler                        0x080013e0   Section        0  timer.o(i.TIM2_IRQHandler)
    i.TIM3_IRQHandler                        0x0800140c   Section        0  timer.o(i.TIM3_IRQHandler)
    i.TIM4_IRQHandler                        0x08001438   Section        0  timer.o(i.TIM4_IRQHandler)
    i.TIM5_IRQHandler                        0x08001464   Section        0  timer.o(i.TIM5_IRQHandler)
    i.TIM6_IRQHandler                        0x0800149c   Section        0  timer.o(i.TIM6_IRQHandler)
    i.TIM7_IRQHandler                        0x080014c8   Section        0  timer.o(i.TIM7_IRQHandler)
    i.Timer5Init                             0x080014f4   Section        0  app_timer.o(i.Timer5Init)
    i.TimerConfig                            0x0800151c   Section        0  timer.o(i.TimerConfig)
    i.USART1_IRQHandler                      0x08001908   Section        0  usart.o(i.USART1_IRQHandler)
    i.__0printf$1                            0x0800198c   Section        0  printf1.o(i.__0printf$1)
    i.__scatterload_copy                     0x080019ac   Section       14  handlers.o(i.__scatterload_copy)
    i.__scatterload_null                     0x080019ba   Section        2  handlers.o(i.__scatterload_null)
    i.__scatterload_zeroinit                 0x080019bc   Section       14  handlers.o(i.__scatterload_zeroinit)
    i._printf_core                           0x080019cc   Section        0  printf1.o(i._printf_core)
    _printf_core                             0x080019cd   Thumb Code   336  printf1.o(i._printf_core)
    i.delay_init                             0x08001b20   Section        0  delay.o(i.delay_init)
    i.delay_ms                               0x08001b60   Section        0  delay.o(i.delay_ms)
    i.fputc                                  0x08001b9c   Section        0  usart.o(i.fputc)
    i.main                                   0x08001bb8   Section        0  main.o(i.main)
    i.malloc                                 0x08001be8   Section        0  malloc.o(i.malloc)
    i.uart_init                              0x08001c54   Section        0  usart.o(i.uart_init)
    .data                                    0x20000000   Section        1  app_keystatemachine.o(.data)
    .data                                    0x20000004   Section        8  app_led.o(.data)
    .data                                    0x2000000c   Section       28  timer.o(.data)
    .data                                    0x20000028   Section        3  gpio.o(.data)
    .data                                    0x2000002c   Section        4  delay.o(.data)
    fac_us                                   0x2000002c   Data           1  delay.o(.data)
    fac_ms                                   0x2000002e   Data           2  delay.o(.data)
    .data                                    0x20000030   Section        6  usart.o(.data)
    .data                                    0x20000038   Section        4  mvars.o(.data)
    .data                                    0x2000003c   Section        4  mvars.o(.data)
    .bss                                     0x20000040   Section       24  app_softtimer.o(.bss)
    .bss                                     0x20000058   Section       20  app_keystatemachine.o(.bss)
    .bss                                     0x2000006c   Section      200  usart.o(.bss)
    HEAP                                     0x20000138   Section        0  startup_stm32f10x_hd.o(HEAP)
    STACK                                    0x20000138   Section     1024  startup_stm32f10x_hd.o(STACK)

    Global Symbols

    Symbol Name                              Value     Ov Type        Size  Object(Section)

    BuildAttributes$$THM_ISAv4$P$D$K$B$S$PE$A:L22UL41UL21$X:L11$S22US41US21$IEEE1$IW$USESV6$~STKCKD$USESV7$~SHL$OTIME$ROPI$EBA8$MICROLIB$REQ8$PRES8$EABIv2 0x00000000   Number         0  anon$$obj.o ABSOLUTE
    __ARM_use_no_argv                        0x00000000   Number         0  main.o ABSOLUTE
    __use_no_errno                           0x00000000   Number         0  useno.o ABSOLUTE
    __use_no_exception_handling              0x00000000   Number         0  useno.o ABSOLUTE
    __use_no_fp                              0x00000000   Number         0  useno.o ABSOLUTE
    __use_no_heap                            0x00000000   Number         0  useno.o ABSOLUTE
    __use_no_heap_region                     0x00000000   Number         0  useno.o ABSOLUTE
    __use_no_semihosting                     0x00000000   Number         0  useno.o ABSOLUTE
    __use_no_semihosting_swi                 0x00000000   Number         0  useno.o ABSOLUTE
    __use_no_signal_handling                 0x00000000   Number         0  useno.o ABSOLUTE
    _printf_a                                0x00000000   Number         0  stubs.o ABSOLUTE
    _printf_c                                0x00000000   Number         0  stubs.o ABSOLUTE
    _printf_charcount                        0x00000000   Number         0  stubs.o ABSOLUTE
    _printf_d                                0x00000000   Number         0  stubs.o ABSOLUTE
    _printf_e                                0x00000000   Number         0  stubs.o ABSOLUTE
    _printf_f                                0x00000000   Number         0  stubs.o ABSOLUTE
    _printf_flags                            0x00000000   Number         0  stubs.o ABSOLUTE
    _printf_fp_dec                           0x00000000   Number         0  stubs.o ABSOLUTE
    _printf_fp_hex                           0x00000000   Number         0  stubs.o ABSOLUTE
    _printf_g                                0x00000000   Number         0  stubs.o ABSOLUTE
    _printf_i                                0x00000000   Number         0  stubs.o ABSOLUTE
    _printf_int_dec                          0x00000000   Number         0  stubs.o ABSOLUTE
    _printf_l                                0x00000000   Number         0  stubs.o ABSOLUTE
    _printf_lc                               0x00000000   Number         0  stubs.o ABSOLUTE
    _printf_ll                               0x00000000   Number         0  stubs.o ABSOLUTE
    _printf_lld                              0x00000000   Number         0  stubs.o ABSOLUTE
    _printf_lli                              0x00000000   Number         0  stubs.o ABSOLUTE
    _printf_llo                              0x00000000   Number         0  stubs.o ABSOLUTE
    _printf_llu                              0x00000000   Number         0  stubs.o ABSOLUTE
    _printf_llx                              0x00000000   Number         0  stubs.o ABSOLUTE
    _printf_longlong_dec                     0x00000000   Number         0  stubs.o ABSOLUTE
    _printf_longlong_hex                     0x00000000   Number         0  stubs.o ABSOLUTE
    _printf_longlong_oct                     0x00000000   Number         0  stubs.o ABSOLUTE
    _printf_ls                               0x00000000   Number         0  stubs.o ABSOLUTE
    _printf_mbtowc                           0x00000000   Number         0  stubs.o ABSOLUTE
    _printf_n                                0x00000000   Number         0  stubs.o ABSOLUTE
    _printf_o                                0x00000000   Number         0  stubs.o ABSOLUTE
    _printf_p                                0x00000000   Number         0  stubs.o ABSOLUTE
    _printf_percent                          0x00000000   Number         0  stubs.o ABSOLUTE
    _printf_pre_padding                      0x00000000   Number         0  stubs.o ABSOLUTE
    _printf_return_value                     0x00000000   Number         0  stubs.o ABSOLUTE
    _printf_s                                0x00000000   Number         0  stubs.o ABSOLUTE
    _printf_sizespec                         0x00000000   Number         0  stubs.o ABSOLUTE
    _printf_str                              0x00000000   Number         0  stubs.o ABSOLUTE
    _printf_truncate_signed                  0x00000000   Number         0  stubs.o ABSOLUTE
    _printf_truncate_unsigned                0x00000000   Number         0  stubs.o ABSOLUTE
    _printf_u                                0x00000000   Number         0  stubs.o ABSOLUTE
    _printf_wc                               0x00000000   Number         0  stubs.o ABSOLUTE
    _printf_wctomb                           0x00000000   Number         0  stubs.o ABSOLUTE
    _printf_widthprec                        0x00000000   Number         0  stubs.o ABSOLUTE
    _printf_x                                0x00000000   Number         0  stubs.o ABSOLUTE
    __arm_fini_                               - Undefined Weak Reference
    __cpp_initialize__aeabi_                  - Undefined Weak Reference
    __cxa_finalize                            - Undefined Weak Reference
    __decompress                              - Undefined Weak Reference
    _clock_init                               - Undefined Weak Reference
    _microlib_exit                            - Undefined Weak Reference
    __Vectors_Size                           0x00000130   Number         0  startup_stm32f10x_hd.o ABSOLUTE
    __Vectors                                0x08000000   Data           4  startup_stm32f10x_hd.o(RESET)
    __Vectors_End                            0x08000130   Data           0  startup_stm32f10x_hd.o(RESET)
    __main                                   0x08000131   Thumb Code     0  entry.o(.ARM.Collect$$$$00000000)
    _main_stk                                0x08000131   Thumb Code     0  entry2.o(.ARM.Collect$$$$00000001)
    _main_scatterload                        0x08000135   Thumb Code     0  entry5.o(.ARM.Collect$$$$00000004)
    __main_after_scatterload                 0x08000139   Thumb Code     0  entry5.o(.ARM.Collect$$$$00000004)
    _main_clock                              0x08000139   Thumb Code     0  entry7b.o(.ARM.Collect$$$$00000008)
    _main_cpp_init                           0x08000139   Thumb Code     0  entry8b.o(.ARM.Collect$$$$0000000A)
    _main_init                               0x08000139   Thumb Code     0  entry9a.o(.ARM.Collect$$$$0000000B)
    __rt_lib_shutdown_fini                   0x08000141   Thumb Code     0  entry12b.o(.ARM.Collect$$$$0000000E)
    __rt_final_cpp                           0x08000145   Thumb Code     0  entry10a.o(.ARM.Collect$$$$0000000F)
    __rt_final_exit                          0x08000145   Thumb Code     0  entry11a.o(.ARM.Collect$$$$00000011)
    Reset_Handler                            0x08000149   Thumb Code     4  startup_stm32f10x_hd.o(.text)
    NMI_Handler                              0x0800014d   Thumb Code     2  startup_stm32f10x_hd.o(.text)
    HardFault_Handler                        0x0800014f   Thumb Code     2  startup_stm32f10x_hd.o(.text)
    MemManage_Handler                        0x08000151   Thumb Code     2  startup_stm32f10x_hd.o(.text)
    BusFault_Handler                         0x08000153   Thumb Code     2  startup_stm32f10x_hd.o(.text)
    UsageFault_Handler                       0x08000155   Thumb Code     2  startup_stm32f10x_hd.o(.text)
    SVC_Handler                              0x08000157   Thumb Code     2  startup_stm32f10x_hd.o(.text)
    DebugMon_Handler                         0x08000159   Thumb Code     2  startup_stm32f10x_hd.o(.text)
    PendSV_Handler                           0x0800015b   Thumb Code     2  startup_stm32f10x_hd.o(.text)
    SysTick_Handler                          0x0800015d   Thumb Code     2  startup_stm32f10x_hd.o(.text)
    ADC1_2_IRQHandler                        0x0800015f   Thumb Code     0  startup_stm32f10x_hd.o(.text)
    ADC3_IRQHandler                          0x0800015f   Thumb Code     0  startup_stm32f10x_hd.o(.text)
    CAN1_RX1_IRQHandler                      0x0800015f   Thumb Code     0  startup_stm32f10x_hd.o(.text)
    CAN1_SCE_IRQHandler                      0x0800015f   Thumb Code     0  startup_stm32f10x_hd.o(.text)
    DMA1_Channel1_IRQHandler                 0x0800015f   Thumb Code     0  startup_stm32f10x_hd.o(.text)
    DMA1_Channel2_IRQHandler                 0x0800015f   Thumb Code     0  startup_stm32f10x_hd.o(.text)
    DMA1_Channel3_IRQHandler                 0x0800015f   Thumb Code     0  startup_stm32f10x_hd.o(.text)
    DMA1_Channel4_IRQHandler                 0x0800015f   Thumb Code     0  startup_stm32f10x_hd.o(.text)
    DMA1_Channel5_IRQHandler                 0x0800015f   Thumb Code     0  startup_stm32f10x_hd.o(.text)
    DMA1_Channel6_IRQHandler                 0x0800015f   Thumb Code     0  startup_stm32f10x_hd.o(.text)
    DMA1_Channel7_IRQHandler                 0x0800015f   Thumb Code     0  startup_stm32f10x_hd.o(.text)
    DMA2_Channel1_IRQHandler                 0x0800015f   Thumb Code     0  startup_stm32f10x_hd.o(.text)
    DMA2_Channel2_IRQHandler                 0x0800015f   Thumb Code     0  startup_stm32f10x_hd.o(.text)
    DMA2_Channel3_IRQHandler                 0x0800015f   Thumb Code     0  startup_stm32f10x_hd.o(.text)
    DMA2_Channel4_5_IRQHandler               0x0800015f   Thumb Code     0  startup_stm32f10x_hd.o(.text)
    EXTI15_10_IRQHandler                     0x0800015f   Thumb Code     0  startup_stm32f10x_hd.o(.text)
    EXTI1_IRQHandler                         0x0800015f   Thumb Code     0  startup_stm32f10x_hd.o(.text)
    EXTI9_5_IRQHandler                       0x0800015f   Thumb Code     0  startup_stm32f10x_hd.o(.text)
    FLASH_IRQHandler                         0x0800015f   Thumb Code     0  startup_stm32f10x_hd.o(.text)
    FSMC_IRQHandler                          0x0800015f   Thumb Code     0  startup_stm32f10x_hd.o(.text)
    I2C1_ER_IRQHandler                       0x0800015f   Thumb Code     0  startup_stm32f10x_hd.o(.text)
    I2C1_EV_IRQHandler                       0x0800015f   Thumb Code     0  startup_stm32f10x_hd.o(.text)
    I2C2_ER_IRQHandler                       0x0800015f   Thumb Code     0  startup_stm32f10x_hd.o(.text)
    I2C2_EV_IRQHandler                       0x0800015f   Thumb Code     0  startup_stm32f10x_hd.o(.text)
    PVD_IRQHandler                           0x0800015f   Thumb Code     0  startup_stm32f10x_hd.o(.text)
    RCC_IRQHandler                           0x0800015f   Thumb Code     0  startup_stm32f10x_hd.o(.text)
    RTCAlarm_IRQHandler                      0x0800015f   Thumb Code     0  startup_stm32f10x_hd.o(.text)
    RTC_IRQHandler                           0x0800015f   Thumb Code     0  startup_stm32f10x_hd.o(.text)
    SDIO_IRQHandler                          0x0800015f   Thumb Code     0  startup_stm32f10x_hd.o(.text)
    SPI1_IRQHandler                          0x0800015f   Thumb Code     0  startup_stm32f10x_hd.o(.text)
    SPI2_IRQHandler                          0x0800015f   Thumb Code     0  startup_stm32f10x_hd.o(.text)
    SPI3_IRQHandler                          0x0800015f   Thumb Code     0  startup_stm32f10x_hd.o(.text)
    TAMPER_IRQHandler                        0x0800015f   Thumb Code     0  startup_stm32f10x_hd.o(.text)
    TIM1_BRK_IRQHandler                      0x0800015f   Thumb Code     0  startup_stm32f10x_hd.o(.text)
    TIM1_CC_IRQHandler                       0x0800015f   Thumb Code     0  startup_stm32f10x_hd.o(.text)
    TIM1_TRG_COM_IRQHandler                  0x0800015f   Thumb Code     0  startup_stm32f10x_hd.o(.text)
    TIM1_UP_IRQHandler                       0x0800015f   Thumb Code     0  startup_stm32f10x_hd.o(.text)
    TIM8_BRK_IRQHandler                      0x0800015f   Thumb Code     0  startup_stm32f10x_hd.o(.text)
    TIM8_CC_IRQHandler                       0x0800015f   Thumb Code     0  startup_stm32f10x_hd.o(.text)
    TIM8_TRG_COM_IRQHandler                  0x0800015f   Thumb Code     0  startup_stm32f10x_hd.o(.text)
    TIM8_UP_IRQHandler                       0x0800015f   Thumb Code     0  startup_stm32f10x_hd.o(.text)
    UART4_IRQHandler                         0x0800015f   Thumb Code     0  startup_stm32f10x_hd.o(.text)
    UART5_IRQHandler                         0x0800015f   Thumb Code     0  startup_stm32f10x_hd.o(.text)
    USART2_IRQHandler                        0x0800015f   Thumb Code     0  startup_stm32f10x_hd.o(.text)
    USART3_IRQHandler                        0x0800015f   Thumb Code     0  startup_stm32f10x_hd.o(.text)
    USBWakeUp_IRQHandler                     0x0800015f   Thumb Code     0  startup_stm32f10x_hd.o(.text)
    USB_HP_CAN1_TX_IRQHandler                0x0800015f   Thumb Code     0  startup_stm32f10x_hd.o(.text)
    USB_LP_CAN1_RX0_IRQHandler               0x0800015f   Thumb Code     0  startup_stm32f10x_hd.o(.text)
    WWDG_IRQHandler                          0x0800015f   Thumb Code     0  startup_stm32f10x_hd.o(.text)
    __aeabi_fadd                             0x08000165   Thumb Code   164  fadd.o(.text)
    __aeabi_fsub                             0x08000209   Thumb Code     6  fadd.o(.text)
    __aeabi_frsub                            0x0800020f   Thumb Code     6  fadd.o(.text)
    __aeabi_fmul                             0x08000215   Thumb Code   100  fmul.o(.text)
    __aeabi_fdiv                             0x08000279   Thumb Code   124  fdiv.o(.text)
    __aeabi_ui2f                             0x080002f5   Thumb Code    10  ffltui.o(.text)
    __aeabi_f2uiz                            0x080002ff   Thumb Code    40  ffixui.o(.text)
    __aeabi_uidiv                            0x08000327   Thumb Code     0  uidiv.o(.text)
    __aeabi_uidivmod                         0x08000327   Thumb Code    44  uidiv.o(.text)
    __I$use$fp                               0x08000353   Thumb Code     0  iusefp.o(.text)
    _float_round                             0x08000353   Thumb Code    18  fepilogue.o(.text)
    _float_epilogue                          0x08000365   Thumb Code    92  fepilogue.o(.text)
    __scatterload                            0x080003c1   Thumb Code    28  init.o(.text)
    __scatterload_rt2                        0x080003c1   Thumb Code     0  init.o(.text)
    APP_KeyThreadEntry                       0x080003e5   Thumb Code    42  app_keystatemachine.o(i.APP_KeyThreadEntry)
    APP_KeyTimerCallback                     0x08000419   Thumb Code    14  app_keystatemachine.o(i.APP_KeyTimerCallback)
    APP_LedTimerCallback                     0x0800042d   Thumb Code    44  app_led.o(i.APP_LedTimerCallback)
    APP_RedLedBlinkInit                      0x0800045d   Thumb Code    32  app_led.o(i.APP_RedLedBlinkInit)
    APP_TestThreadEntry                      0x08000485   Thumb Code   150  main.o(i.APP_TestThreadEntry)
    DDA_TimerCreate                          0x08000585   Thumb Code    34  app_softtimer.o(i.DDA_TimerCreate)
    DDA_TimerDelete                          0x080005a7   Thumb Code    26  app_softtimer.o(i.DDA_TimerDelete)
    DDA_TimerEnd                             0x080005c1   Thumb Code    28  app_softtimer.o(i.DDA_TimerEnd)
    DDA_TimerInsert                          0x080005dd   Thumb Code    78  app_softtimer.o(i.DDA_TimerInsert)
    DDA_TimerStart                           0x0800062d   Thumb Code    40  app_softtimer.o(i.DDA_TimerStart)
    EXTI0_IRQHandler                         0x08000659   Thumb Code    36  gpio.o(i.EXTI0_IRQHandler)
    EXTI2_IRQHandler                         0x08000689   Thumb Code    26  gpio.o(i.EXTI2_IRQHandler)
    EXTI3_IRQHandler                         0x080006ad   Thumb Code    26  gpio.o(i.EXTI3_IRQHandler)
    EXTI4_IRQHandler                         0x080006d1   Thumb Code    36  gpio.o(i.EXTI4_IRQHandler)
    GPIO_ClockEnable                         0x080006fd   Thumb Code    52  gpio.o(i.GPIO_ClockEnable)
    GPIO_Config                              0x08000735   Thumb Code  1242  gpio.o(i.GPIO_Config)
    GPIO_ExtiConfig                          0x08000c15   Thumb Code   316  gpio.o(i.GPIO_ExtiConfig)
    GPIO_PinReadPin                          0x08000d5d   Thumb Code    94  gpio.o(i.GPIO_PinReadPin)
    GPIO_PinWritePin                         0x08000dd9   Thumb Code   272  gpio.o(i.GPIO_PinWritePin)
    GetTick                                  0x08000f05   Thumb Code     6  timer.o(i.GetTick)
    KeyExtiInit                              0x08000f11   Thumb Code   166  app_key.o(i.KeyExtiInit)
    KeyInit                                  0x08000fb7   Thumb Code   132  app_key.o(i.KeyInit)
    KeyLevelRead                             0x0800103b   Thumb Code    12  app_key.o(i.KeyLevelRead)
    KeyStateMachine                          0x08001049   Thumb Code   268  app_keystatemachine.o(i.KeyStateMachine)
    KeyStateMachineInit                      0x0800115d   Thumb Code    22  app_keystatemachine.o(i.KeyStateMachineInit)
    LedInit                                  0x0800117d   Thumb Code    80  app_led.o(i.LedInit)
    MYRCC_DeInit                             0x080011cd   Thumb Code    90  sys.o(i.MYRCC_DeInit)
    MY_NVIC_Init                             0x08001235   Thumb Code   116  sys.o(i.MY_NVIC_Init)
    MY_NVIC_PriorityGroupConfig              0x080012ad   Thumb Code    32  sys.o(i.MY_NVIC_PriorityGroupConfig)
    MY_NVIC_SetVectorTable                   0x080012d5   Thumb Code    12  sys.o(i.MY_NVIC_SetVectorTable)
    SchedulCheck                             0x080012e9   Thumb Code    64  app_softtimer.o(i.SchedulCheck)
    SoftTimerInit                            0x0800132d   Thumb Code    24  app_softtimer.o(i.SoftTimerInit)
    Stm32_Clock_Init                         0x08001351   Thumb Code   134  sys.o(i.Stm32_Clock_Init)
    TIM2_IRQHandler                          0x080013e1   Thumb Code    40  timer.o(i.TIM2_IRQHandler)
    TIM3_IRQHandler                          0x0800140d   Thumb Code    34  timer.o(i.TIM3_IRQHandler)
    TIM4_IRQHandler                          0x08001439   Thumb Code    34  timer.o(i.TIM4_IRQHandler)
    TIM5_IRQHandler                          0x08001465   Thumb Code    44  timer.o(i.TIM5_IRQHandler)
    TIM6_IRQHandler                          0x0800149d   Thumb Code    34  timer.o(i.TIM6_IRQHandler)
    TIM7_IRQHandler                          0x080014c9   Thumb Code    34  timer.o(i.TIM7_IRQHandler)
    Timer5Init                               0x080014f5   Thumb Code    40  app_timer.o(i.Timer5Init)
    TimerConfig                              0x0800151d   Thumb Code   978  timer.o(i.TimerConfig)
    USART1_IRQHandler                        0x08001909   Thumb Code   118  usart.o(i.USART1_IRQHandler)
    __0printf$1                              0x0800198d   Thumb Code    22  printf1.o(i.__0printf$1)
    __1printf$1                              0x0800198d   Thumb Code     0  printf1.o(i.__0printf$1)
    __2printf                                0x0800198d   Thumb Code     0  printf1.o(i.__0printf$1)
    __scatterload_copy                       0x080019ad   Thumb Code    14  handlers.o(i.__scatterload_copy)
    __scatterload_null                       0x080019bb   Thumb Code     2  handlers.o(i.__scatterload_null)
    __scatterload_zeroinit                   0x080019bd   Thumb Code    14  handlers.o(i.__scatterload_zeroinit)
    delay_init                               0x08001b21   Thumb Code    56  delay.o(i.delay_init)
    delay_ms                                 0x08001b61   Thumb Code    56  delay.o(i.delay_ms)
    fputc                                    0x08001b9d   Thumb Code    24  usart.o(i.fputc)
    main                                     0x08001bb9   Thumb Code    46  main.o(i.main)
    malloc                                   0x08001be9   Thumb Code    92  malloc.o(i.malloc)
    uart_init                                0x08001c55   Thumb Code   202  usart.o(i.uart_init)
    Region$$Table$$Base                      0x08001d30   Number         0  anon$$obj.o(Region$$Table)
    Region$$Table$$Limit                     0x08001d50   Number         0  anon$$obj.o(Region$$Table)
    g_keyMessageQueue                        0x20000000   Data           1  app_keystatemachine.o(.data)
    g_ledState                               0x20000004   Data           1  app_led.o(.data)
    g_ledTimer                               0x20000008   Data           4  app_led.o(.data)
    timer2num                                0x2000000c   Data           4  timer.o(.data)
    timer3num                                0x20000010   Data           4  timer.o(.data)
    timer4num                                0x20000014   Data           4  timer.o(.data)
    g_tick                                   0x20000018   Data           4  timer.o(.data)
    g_callback                               0x2000001c   Data           4  timer.o(.data)
    timer6num                                0x20000020   Data           4  timer.o(.data)
    timer7num                                0x20000024   Data           4  timer.o(.data)
    extiNum                                  0x20000028   Data           1  gpio.o(.data)
    g_keySemaphore                           0x20000029   Data           1  gpio.o(.data)
    key0ExtiFlag                             0x2000002a   Data           1  gpio.o(.data)
    __stdout                                 0x20000030   Data           4  usart.o(.data)
    USART_RX_STA                             0x20000034   Data           2  usart.o(.data)
    __microlib_freelist                      0x20000038   Data           4  mvars.o(.data)
    __microlib_freelist_initialised          0x2000003c   Data           4  mvars.o(.data)
    g_timerHead                              0x20000040   Data          24  app_softtimer.o(.bss)
    g_keyHandle                              0x20000058   Data          20  app_keystatemachine.o(.bss)
    USART_RX_BUF                             0x2000006c   Data         200  usart.o(.bss)
    __heap_base                              0x20000138   Data           0  startup_stm32f10x_hd.o(HEAP)
    __heap_limit                             0x20000138   Data           0  startup_stm32f10x_hd.o(HEAP)
    __initial_sp                             0x20000538   Data           0  startup_stm32f10x_hd.o(STACK)



==============================================================================

Memory Map of the image

  Image Entry point : 0x08000131

  Load Region LR_IROM1 (Base: 0x08000000, Size: 0x00001d90, Max: 0x00080000, ABSOLUTE)

    Execution Region ER_IROM1 (Exec base: 0x08000000, Load base: 0x08000000, Size: 0x00001d50, Max: 0x00080000, ABSOLUTE)

    Exec Addr    Load Addr    Size         Type   Attr      Idx    E Section Name        Object

    0x08000000   0x08000000   0x00000130   Data   RO            3    RESET               startup_stm32f10x_hd.o
    0x08000130   0x08000130   0x00000000   Code   RO          617  * .ARM.Collect$$$$00000000  mc_w.l(entry.o)
    0x08000130   0x08000130   0x00000004   Code   RO          919    .ARM.Collect$$$$00000001  mc_w.l(entry2.o)
    0x08000134   0x08000134   0x00000004   Code   RO          922    .ARM.Collect$$$$00000004  mc_w.l(entry5.o)
    0x08000138   0x08000138   0x00000000   Code   RO          924    .ARM.Collect$$$$00000008  mc_w.l(entry7b.o)
    0x08000138   0x08000138   0x00000000   Code   RO          926    .ARM.Collect$$$$0000000A  mc_w.l(entry8b.o)
    0x08000138   0x08000138   0x00000008   Code   RO          927    .ARM.Collect$$$$0000000B  mc_w.l(entry9a.o)
    0x08000140   0x08000140   0x00000004   Code   RO          934    .ARM.Collect$$$$0000000E  mc_w.l(entry12b.o)
    0x08000144   0x08000144   0x00000000   Code   RO          929    .ARM.Collect$$$$0000000F  mc_w.l(entry10a.o)
    0x08000144   0x08000144   0x00000000   Code   RO          931    .ARM.Collect$$$$00000011  mc_w.l(entry11a.o)
    0x08000144   0x08000144   0x00000004   Code   RO          920    .ARM.Collect$$$$00002712  mc_w.l(entry2.o)
    0x08000148   0x08000148   0x0000001c   Code   RO            4    .text               startup_stm32f10x_hd.o
    0x08000164   0x08000164   0x000000b0   Code   RO          909    .text               mf_w.l(fadd.o)
    0x08000214   0x08000214   0x00000064   Code   RO          911    .text               mf_w.l(fmul.o)
    0x08000278   0x08000278   0x0000007c   Code   RO          913    .text               mf_w.l(fdiv.o)
    0x080002f4   0x080002f4   0x0000000a   Code   RO          915    .text               mf_w.l(ffltui.o)
    0x080002fe   0x080002fe   0x00000028   Code   RO          917    .text               mf_w.l(ffixui.o)
    0x08000326   0x08000326   0x0000002c   Code   RO          935    .text               mc_w.l(uidiv.o)
    0x08000352   0x08000352   0x00000000   Code   RO          945    .text               mc_w.l(iusefp.o)
    0x08000352   0x08000352   0x0000006e   Code   RO          946    .text               mf_w.l(fepilogue.o)
    0x080003c0   0x080003c0   0x00000024   Code   RO          958    .text               mc_w.l(init.o)
    0x080003e4   0x080003e4   0x00000034   Code   RO          246    i.APP_KeyThreadEntry  app_keystatemachine.o
    0x08000418   0x08000418   0x00000014   Code   RO          247    i.APP_KeyTimerCallback  app_keystatemachine.o
    0x0800042c   0x0800042c   0x00000030   Code   RO          287    i.APP_LedTimerCallback  app_led.o
    0x0800045c   0x0800045c   0x00000028   Code   RO          288    i.APP_RedLedBlinkInit  app_led.o
    0x08000484   0x08000484   0x00000100   Code   RO           10    i.APP_TestThreadEntry  main.o
    0x08000584   0x08000584   0x00000022   Code   RO          129    i.DDA_TimerCreate   app_softtimer.o
    0x080005a6   0x080005a6   0x0000001a   Code   RO          130    i.DDA_TimerDelete   app_softtimer.o
    0x080005c0   0x080005c0   0x0000001c   Code   RO          132    i.DDA_TimerEnd      app_softtimer.o
    0x080005dc   0x080005dc   0x0000004e   Code   RO          133    i.DDA_TimerInsert   app_softtimer.o
    0x0800062a   0x0800062a   0x00000002   PAD
    0x0800062c   0x0800062c   0x0000002c   Code   RO          134    i.DDA_TimerStart    app_softtimer.o
    0x08000658   0x08000658   0x00000030   Code   RO          382    i.EXTI0_IRQHandler  gpio.o
    0x08000688   0x08000688   0x00000024   Code   RO          383    i.EXTI2_IRQHandler  gpio.o
    0x080006ac   0x080006ac   0x00000024   Code   RO          384    i.EXTI3_IRQHandler  gpio.o
    0x080006d0   0x080006d0   0x0000002c   Code   RO          385    i.EXTI4_IRQHandler  gpio.o
    0x080006fc   0x080006fc   0x00000038   Code   RO          386    i.GPIO_ClockEnable  gpio.o
    0x08000734   0x08000734   0x000004e0   Code   RO          387    i.GPIO_Config       gpio.o
    0x08000c14   0x08000c14   0x00000148   Code   RO          388    i.GPIO_ExtiConfig   gpio.o
    0x08000d5c   0x08000d5c   0x0000007c   Code   RO          390    i.GPIO_PinReadPin   gpio.o
    0x08000dd8   0x08000dd8   0x0000012c   Code   RO          391    i.GPIO_PinWritePin  gpio.o
    0x08000f04   0x08000f04   0x0000000c   Code   RO          318    i.GetTick           timer.o
    0x08000f10   0x08000f10   0x000000a6   Code   RO           87    i.KeyExtiInit       app_key.o
    0x08000fb6   0x08000fb6   0x00000084   Code   RO           88    i.KeyInit           app_key.o
    0x0800103a   0x0800103a   0x0000000c   Code   RO           89    i.KeyLevelRead      app_key.o
    0x08001046   0x08001046   0x00000002   PAD
    0x08001048   0x08001048   0x00000114   Code   RO          248    i.KeyStateMachine   app_keystatemachine.o
    0x0800115c   0x0800115c   0x00000020   Code   RO          249    i.KeyStateMachineInit  app_keystatemachine.o
    0x0800117c   0x0800117c   0x00000050   Code   RO          289    i.LedInit           app_led.o
    0x080011cc   0x080011cc   0x00000068   Code   RO          499    i.MYRCC_DeInit      sys.o
    0x08001234   0x08001234   0x00000078   Code   RO          500    i.MY_NVIC_Init      sys.o
    0x080012ac   0x080012ac   0x00000028   Code   RO          501    i.MY_NVIC_PriorityGroupConfig  sys.o
    0x080012d4   0x080012d4   0x00000014   Code   RO          502    i.MY_NVIC_SetVectorTable  sys.o
    0x080012e8   0x080012e8   0x00000044   Code   RO          135    i.SchedulCheck      app_softtimer.o
    0x0800132c   0x0800132c   0x00000024   Code   RO          136    i.SoftTimerInit     app_softtimer.o
    0x08001350   0x08001350   0x00000090   Code   RO          503    i.Stm32_Clock_Init  sys.o
    0x080013e0   0x080013e0   0x0000002c   Code   RO          319    i.TIM2_IRQHandler   timer.o
    0x0800140c   0x0800140c   0x0000002c   Code   RO          320    i.TIM3_IRQHandler   timer.o
    0x08001438   0x08001438   0x0000002c   Code   RO          321    i.TIM4_IRQHandler   timer.o
    0x08001464   0x08001464   0x00000038   Code   RO          322    i.TIM5_IRQHandler   timer.o
    0x0800149c   0x0800149c   0x0000002c   Code   RO          323    i.TIM6_IRQHandler   timer.o
    0x080014c8   0x080014c8   0x0000002c   Code   RO          324    i.TIM7_IRQHandler   timer.o
    0x080014f4   0x080014f4   0x00000028   Code   RO          197    i.Timer5Init        app_timer.o
    0x0800151c   0x0800151c   0x000003ec   Code   RO          325    i.TimerConfig       timer.o
    0x08001908   0x08001908   0x00000084   Code   RO          576    i.USART1_IRQHandler  usart.o
    0x0800198c   0x0800198c   0x00000020   Code   RO          665    i.__0printf$1       mc_w.l(printf1.o)
    0x080019ac   0x080019ac   0x0000000e   Code   RO          970    i.__scatterload_copy  mc_w.l(handlers.o)
    0x080019ba   0x080019ba   0x00000002   Code   RO          971    i.__scatterload_null  mc_w.l(handlers.o)
    0x080019bc   0x080019bc   0x0000000e   Code   RO          972    i.__scatterload_zeroinit  mc_w.l(handlers.o)
    0x080019ca   0x080019ca   0x00000002   PAD
    0x080019cc   0x080019cc   0x00000154   Code   RO          672    i._printf_core      mc_w.l(printf1.o)
    0x08001b20   0x08001b20   0x00000040   Code   RO          468    i.delay_init        delay.o
    0x08001b60   0x08001b60   0x0000003c   Code   RO          469    i.delay_ms          delay.o
    0x08001b9c   0x08001b9c   0x0000001c   Code   RO          578    i.fputc             usart.o
    0x08001bb8   0x08001bb8   0x0000002e   Code   RO           11    i.main              main.o
    0x08001be6   0x08001be6   0x00000002   PAD
    0x08001be8   0x08001be8   0x0000006c   Code   RO          882    i.malloc            mc_w.l(malloc.o)
    0x08001c54   0x08001c54   0x000000dc   Code   RO          579    i.uart_init         usart.o
    0x08001d30   0x08001d30   0x00000020   Data   RO          968    Region$$Table       anon$$obj.o


    Execution Region RW_IRAM1 (Exec base: 0x20000000, Load base: 0x08001d50, Size: 0x00000538, Max: 0x00010000, ABSOLUTE)

    Exec Addr    Load Addr    Size         Type   Attr      Idx    E Section Name        Object

    0x20000000   0x08001d50   0x00000001   Data   RW          251    .data               app_keystatemachine.o
    0x20000001   0x08001d51   0x00000003   PAD
    0x20000004   0x08001d54   0x00000008   Data   RW          290    .data               app_led.o
    0x2000000c   0x08001d5c   0x0000001c   Data   RW          326    .data               timer.o
    0x20000028   0x08001d78   0x00000003   Data   RW          392    .data               gpio.o
    0x2000002b   0x08001d7b   0x00000001   PAD
    0x2000002c   0x08001d7c   0x00000004   Data   RW          471    .data               delay.o
    0x20000030   0x08001d80   0x00000006   Data   RW          581    .data               usart.o
    0x20000036   0x08001d86   0x00000002   PAD
    0x20000038   0x08001d88   0x00000004   Data   RW          943    .data               mc_w.l(mvars.o)
    0x2000003c   0x08001d8c   0x00000004   Data   RW          944    .data               mc_w.l(mvars.o)
    0x20000040        -       0x00000018   Zero   RW          137    .bss                app_softtimer.o
    0x20000058        -       0x00000014   Zero   RW          250    .bss                app_keystatemachine.o
    0x2000006c        -       0x000000c8   Zero   RW          580    .bss                usart.o
    0x20000134   0x08001d90   0x00000004   PAD
    0x20000138        -       0x00000000   Zero   RW            2    HEAP                startup_stm32f10x_hd.o
    0x20000138        -       0x00000400   Zero   RW            1    STACK               startup_stm32f10x_hd.o


==============================================================================

Image component sizes


      Code (inc. data)   RO Data    RW Data    ZI Data      Debug   Object Name

       310          0          0          0          0       1671   app_key.o
       380         34          0          1         20       3468   app_keystatemachine.o
       168         12          0          8          0       2215   app_led.o
       314         20          0          0         24       5574   app_softtimer.o
        40          0          0          0          0        529   app_timer.o
       124         12          0          4          0       1256   delay.o
      2220        168          0          3          0       8310   gpio.o
       302        106          0          0          0     212444   main.o
        28          4        304          0       1024        824   startup_stm32f10x_hd.o
       428         44          0          0          0       2968   sys.o
      1292         98          0         28          0       5806   timer.o
       380         36          0          6        200       3820   usart.o

    ----------------------------------------------------------------------
      5992        534        336         56       1272     248885   Object Totals
         0          0         32          0          0          0   (incl. Generated)
         6          0          0          6          4          0   (incl. Padding)

    ----------------------------------------------------------------------

      Code (inc. data)   RO Data    RW Data    ZI Data      Debug   Library Member Name

         0          0          0          0          0          0   entry.o
         0          0          0          0          0          0   entry10a.o
         0          0          0          0          0          0   entry11a.o
         4          0          0          0          0          0   entry12b.o
         8          4          0          0          0          0   entry2.o
         4          0          0          0          0          0   entry5.o
         0          0          0          0          0          0   entry7b.o
         0          0          0          0          0          0   entry8b.o
         8          4          0          0          0          0   entry9a.o
        30          0          0          0          0          0   handlers.o
        36          8          0          0          0         68   init.o
         0          0          0          0          0          0   iusefp.o
       108         16          0          0          0         84   malloc.o
         0          0          0          8          0          0   mvars.o
       372         14          0          0          0        184   printf1.o
        44          0          0          0          0         80   uidiv.o
       176          0          0          0          0        140   fadd.o
       124          0          0          0          0         88   fdiv.o
       110          0          0          0          0        168   fepilogue.o
        40          0          0          0          0         68   ffixui.o
        10          0          0          0          0         68   ffltui.o
       100          0          0          0          0         76   fmul.o

    ----------------------------------------------------------------------
      1176         46          0          8          0       1024   Library Totals
         2          0          0          0          0          0   (incl. Padding)

    ----------------------------------------------------------------------

      Code (inc. data)   RO Data    RW Data    ZI Data      Debug   Library Name

       614         46          0          8          0        416   mc_w.l
       560          0          0          0          0        608   mf_w.l

    ----------------------------------------------------------------------
      1176         46          0          8          0       1024   Library Totals

    ----------------------------------------------------------------------

==============================================================================


      Code (inc. data)   RO Data    RW Data    ZI Data      Debug   

      7168        580        336         64       1272     247357   Grand Totals
      7168        580        336         64       1272     247357   ELF Image Totals
      7168        580        336         64          0          0   ROM Totals

==============================================================================

    Total RO  Size (Code + RO Data)                 7504 (   7.33kB)
    Total RW  Size (RW Data + ZI Data)              1336 (   1.30kB)
    Total ROM Size (Code + RO Data + RW Data)       7568 (   7.39kB)

==============================================================================

